Analysis & Synthesis report for moving_message_display
Sun Mar  3 00:58:50 2024
Quartus Prime Version 23.1std.0 Build 991 11/28/2023 SC Lite Edition


---------------------
; Table of Contents ;
---------------------
  1. Legal Notice
  2. Analysis & Synthesis Summary
  3. Analysis & Synthesis Settings
  4. Parallel Compilation
  5. Analysis & Synthesis Source Files Read
  6. Analysis & Synthesis Resource Usage Summary
  7. Analysis & Synthesis Resource Utilization by Entity
  8. State Machine - |movingText|scanStateVariable
  9. State Machine - |movingText|shiftedColumnState
 10. Registers Removed During Synthesis
 11. General Register Statistics
 12. Inverted Register Statistics
 13. Multiplexer Restructuring Statistics (Restructuring Performed)
 14. Parameter Settings for User Entity Instance: Top-level Entity: |movingText
 15. Post-Synthesis Netlist Statistics for Top Partition
 16. Elapsed Time Per Partition
 17. Analysis & Synthesis Messages



----------------
; Legal Notice ;
----------------
Copyright (C) 2023  Intel Corporation. All rights reserved.
Your use of Intel Corporation's design tools, logic functions 
and other software and tools, and any partner logic 
functions, and any output files from any of the foregoing 
(including device programming or simulation files), and any 
associated documentation or information are expressly subject 
to the terms and conditions of the Intel Program License 
Subscription Agreement, the Intel Quartus Prime License Agreement,
the Intel FPGA IP License Agreement, or other applicable license
agreement, including, without limitation, that your use is for
the sole purpose of programming logic devices manufactured by
Intel and sold by Intel or its authorized distributors.  Please
refer to the applicable agreement for further details, at
https://fpgasoftware.intel.com/eula.



+-------------------------------------------------------------------------------------+
; Analysis & Synthesis Summary                                                        ;
+------------------------------------+------------------------------------------------+
; Analysis & Synthesis Status        ; Successful - Sun Mar  3 00:58:50 2024          ;
; Quartus Prime Version              ; 23.1std.0 Build 991 11/28/2023 SC Lite Edition ;
; Revision Name                      ; moving_message_display                         ;
; Top-level Entity Name              ; movingText                                     ;
; Family                             ; MAX 10                                         ;
; Total logic elements               ; 1,074                                          ;
;     Total combinational functions  ; 813                                            ;
;     Dedicated logic registers      ; 421                                            ;
; Total registers                    ; 421                                            ;
; Total pins                         ; 31                                             ;
; Total virtual pins                 ; 0                                              ;
; Total memory bits                  ; 0                                              ;
; Embedded Multiplier 9-bit elements ; 0                                              ;
; Total PLLs                         ; 0                                              ;
; UFM blocks                         ; 0                                              ;
; ADC blocks                         ; 0                                              ;
+------------------------------------+------------------------------------------------+


+----------------------------------------------------------------------------------------------------------------+
; Analysis & Synthesis Settings                                                                                  ;
+------------------------------------------------------------------+--------------------+------------------------+
; Option                                                           ; Setting            ; Default Value          ;
+------------------------------------------------------------------+--------------------+------------------------+
; Device                                                           ; 10M50DAF484C7G     ;                        ;
; Top-level entity name                                            ; movingText         ; moving_message_display ;
; Family name                                                      ; MAX 10             ; Cyclone V              ;
; Use smart compilation                                            ; Off                ; Off                    ;
; Enable parallel Assembler and Timing Analyzer during compilation ; On                 ; On                     ;
; Enable compact report table                                      ; Off                ; Off                    ;
; Restructure Multiplexers                                         ; Auto               ; Auto                   ;
; Create Debugging Nodes for IP Cores                              ; Off                ; Off                    ;
; Preserve fewer node names                                        ; On                 ; On                     ;
; Intel FPGA IP Evaluation Mode                                    ; Enable             ; Enable                 ;
; Verilog Version                                                  ; Verilog_2001       ; Verilog_2001           ;
; VHDL Version                                                     ; VHDL_1993          ; VHDL_1993              ;
; State Machine Processing                                         ; Auto               ; Auto                   ;
; Safe State Machine                                               ; Off                ; Off                    ;
; Extract Verilog State Machines                                   ; On                 ; On                     ;
; Extract VHDL State Machines                                      ; On                 ; On                     ;
; Ignore Verilog initial constructs                                ; Off                ; Off                    ;
; Iteration limit for constant Verilog loops                       ; 5000               ; 5000                   ;
; Iteration limit for non-constant Verilog loops                   ; 250                ; 250                    ;
; Add Pass-Through Logic to Inferred RAMs                          ; On                 ; On                     ;
; Infer RAMs from Raw Logic                                        ; On                 ; On                     ;
; Parallel Synthesis                                               ; On                 ; On                     ;
; DSP Block Balancing                                              ; Auto               ; Auto                   ;
; NOT Gate Push-Back                                               ; On                 ; On                     ;
; Power-Up Don't Care                                              ; On                 ; On                     ;
; Remove Redundant Logic Cells                                     ; Off                ; Off                    ;
; Remove Duplicate Registers                                       ; On                 ; On                     ;
; Ignore CARRY Buffers                                             ; Off                ; Off                    ;
; Ignore CASCADE Buffers                                           ; Off                ; Off                    ;
; Ignore GLOBAL Buffers                                            ; Off                ; Off                    ;
; Ignore ROW GLOBAL Buffers                                        ; Off                ; Off                    ;
; Ignore LCELL Buffers                                             ; Off                ; Off                    ;
; Ignore SOFT Buffers                                              ; On                 ; On                     ;
; Limit AHDL Integers to 32 Bits                                   ; Off                ; Off                    ;
; Optimization Technique                                           ; Balanced           ; Balanced               ;
; Carry Chain Length                                               ; 70                 ; 70                     ;
; Auto Carry Chains                                                ; On                 ; On                     ;
; Auto Open-Drain Pins                                             ; On                 ; On                     ;
; Perform WYSIWYG Primitive Resynthesis                            ; Off                ; Off                    ;
; Auto ROM Replacement                                             ; On                 ; On                     ;
; Auto RAM Replacement                                             ; On                 ; On                     ;
; Auto DSP Block Replacement                                       ; On                 ; On                     ;
; Auto Shift Register Replacement                                  ; Auto               ; Auto                   ;
; Allow Shift Register Merging across Hierarchies                  ; Auto               ; Auto                   ;
; Auto Clock Enable Replacement                                    ; On                 ; On                     ;
; Strict RAM Replacement                                           ; Off                ; Off                    ;
; Allow Synchronous Control Signals                                ; On                 ; On                     ;
; Force Use of Synchronous Clear Signals                           ; Off                ; Off                    ;
; Auto RAM Block Balancing                                         ; On                 ; On                     ;
; Auto RAM to Logic Cell Conversion                                ; Off                ; Off                    ;
; Auto Resource Sharing                                            ; Off                ; Off                    ;
; Allow Any RAM Size For Recognition                               ; Off                ; Off                    ;
; Allow Any ROM Size For Recognition                               ; Off                ; Off                    ;
; Allow Any Shift Register Size For Recognition                    ; Off                ; Off                    ;
; Use LogicLock Constraints during Resource Balancing              ; On                 ; On                     ;
; Ignore translate_off and synthesis_off directives                ; Off                ; Off                    ;
; Timing-Driven Synthesis                                          ; On                 ; On                     ;
; Report Parameter Settings                                        ; On                 ; On                     ;
; Report Source Assignments                                        ; On                 ; On                     ;
; Report Connectivity Checks                                       ; On                 ; On                     ;
; Ignore Maximum Fan-Out Assignments                               ; Off                ; Off                    ;
; Synchronization Register Chain Length                            ; 2                  ; 2                      ;
; Power Optimization During Synthesis                              ; Normal compilation ; Normal compilation     ;
; HDL message level                                                ; Level2             ; Level2                 ;
; Suppress Register Optimization Related Messages                  ; Off                ; Off                    ;
; Number of Removed Registers Reported in Synthesis Report         ; 5000               ; 5000                   ;
; Number of Swept Nodes Reported in Synthesis Report               ; 5000               ; 5000                   ;
; Number of Inverted Registers Reported in Synthesis Report        ; 100                ; 100                    ;
; Clock MUX Protection                                             ; On                 ; On                     ;
; Auto Gated Clock Conversion                                      ; Off                ; Off                    ;
; Block Design Naming                                              ; Auto               ; Auto                   ;
; SDC constraint protection                                        ; Off                ; Off                    ;
; Synthesis Effort                                                 ; Auto               ; Auto                   ;
; Shift Register Replacement - Allow Asynchronous Clear Signal     ; On                 ; On                     ;
; Pre-Mapping Resynthesis Optimization                             ; Off                ; Off                    ;
; Analysis & Synthesis Message Level                               ; Medium             ; Medium                 ;
; Disable Register Merging Across Hierarchies                      ; Auto               ; Auto                   ;
; Resource Aware Inference For Block RAM                           ; On                 ; On                     ;
+------------------------------------------------------------------+--------------------+------------------------+


+------------------------------------------+
; Parallel Compilation                     ;
+----------------------------+-------------+
; Processors                 ; Number      ;
+----------------------------+-------------+
; Number detected on machine ; 8           ;
; Maximum allowed            ; 4           ;
;                            ;             ;
; Average used               ; 1.00        ;
; Maximum used               ; 4           ;
;                            ;             ;
; Usage by Processor         ; % Time Used ;
;     Processor 1            ; 100.0%      ;
;     Processor 2            ;   0.0%      ;
;     Processor 3            ;   0.0%      ;
;     Processor 4            ;   0.0%      ;
+----------------------------+-------------+


+------------------------------------------------------------------------------------------------------------------------------------------------------------------------------------------------------------------+
; Analysis & Synthesis Source Files Read                                                                                                                                                                           ;
+----------------------------------+-----------------+-----------------+---------------------------------------------------------------------------------------------------------------------------------+---------+
; File Name with User-Entered Path ; Used in Netlist ; File Type       ; File Name with Absolute Path                                                                                                    ; Library ;
+----------------------------------+-----------------+-----------------+---------------------------------------------------------------------------------------------------------------------------------+---------+
; src/movingText.vhd               ; yes             ; User VHDL File  ; C:/Users/desig/OneDrive - Coventry University/FPGA Design 7067CEM/FPGA_Projects/Quartus_Projects/moving_text/src/movingText.vhd ;         ;
+----------------------------------+-----------------+-----------------+---------------------------------------------------------------------------------------------------------------------------------+---------+


+---------------------------------------------------------------+
; Analysis & Synthesis Resource Usage Summary                   ;
+---------------------------------------------+-----------------+
; Resource                                    ; Usage           ;
+---------------------------------------------+-----------------+
; Estimated Total logic elements              ; 1,074           ;
;                                             ;                 ;
; Total combinational functions               ; 813             ;
; Logic element usage by number of LUT inputs ;                 ;
;     -- 4 input functions                    ; 597             ;
;     -- 3 input functions                    ; 93              ;
;     -- <=2 input functions                  ; 123             ;
;                                             ;                 ;
; Logic elements by mode                      ;                 ;
;     -- normal mode                          ; 747             ;
;     -- arithmetic mode                      ; 66              ;
;                                             ;                 ;
; Total registers                             ; 421             ;
;     -- Dedicated logic registers            ; 421             ;
;     -- I/O registers                        ; 0               ;
;                                             ;                 ;
; I/O pins                                    ; 31              ;
;                                             ;                 ;
; Embedded Multiplier 9-bit elements          ; 0               ;
;                                             ;                 ;
; Maximum fan-out node                        ; CLK_50MHz~input ;
; Maximum fan-out                             ; 329             ;
; Total fan-out                               ; 4208            ;
; Average fan-out                             ; 3.25            ;
+---------------------------------------------+-----------------+


+------------------------------------------------------------------------------------------------------------------------------------------------------------------------------------------------------------------------------------+
; Analysis & Synthesis Resource Utilization by Entity                                                                                                                                                                                ;
+----------------------------+---------------------+---------------------------+-------------+------------+--------------+---------+-----------+------+--------------+------------+---------------------+-------------+--------------+
; Compilation Hierarchy Node ; Combinational ALUTs ; Dedicated Logic Registers ; Memory Bits ; UFM Blocks ; DSP Elements ; DSP 9x9 ; DSP 18x18 ; Pins ; Virtual Pins ; ADC blocks ; Full Hierarchy Name ; Entity Name ; Library Name ;
+----------------------------+---------------------+---------------------------+-------------+------------+--------------+---------+-----------+------+--------------+------------+---------------------+-------------+--------------+
; |movingText                ; 813 (813)           ; 421 (421)                 ; 0           ; 0          ; 0            ; 0       ; 0         ; 31   ; 0            ; 0          ; |movingText         ; movingText  ; work         ;
+----------------------------+---------------------+---------------------------+-------------+------------+--------------+---------+-----------+------+--------------+------------+---------------------+-------------+--------------+
Note: For table entries with two numbers listed, the numbers in parentheses indicate the number of resources of the given type used by the specific entity alone. The numbers listed outside of parentheses indicate the total resources of the given type used by the specific entity and all of its sub-entities in the hierarchy.


Encoding Type:  One-Hot
+----------------------------------------------------------------------------------------------------------------------------------------------------------------------------------------------------------------------------------------------------------------------------------------------------------------------------------------------------------------------------------------------------------------------------------------------------------------------------------------------------------------------------------------------------------------------------------------------------------------------------------------------------------------------------------------------------------------------------------------------------------------------------------------------------------------------------------------------------------------------------------------------------------+
; State Machine - |movingText|scanStateVariable                                                                                                                                                                                                                                                                                                                                                                                                                                                                                                                                                                                                                                                                                                                                                                                                                                                            ;
+--------------------------+-------------------------+--------------------------+--------------------------+-------------------------+-------------------------+--------------------------+--------------------------+-------------------------+-------------------------+--------------------------+--------------------------+-------------------------+-------------------------+--------------------------+--------------------------+-------------------------+-------------------------+--------------------------+--------------------------+-------------------------+-------------------------+--------------------------+--------------------------+-------------------------+-------------------------+--------------------------+--------------------------+-------------------------+-------------------------+--------------------------+--------------------------+-------------------------+
; Name                     ; scanStateVariable.SHOW8 ; scanStateVariable.SHIFT8 ; scanStateVariable.CLOCK8 ; scanStateVariable.LOAD8 ; scanStateVariable.SHOW7 ; scanStateVariable.SHIFT7 ; scanStateVariable.CLOCK7 ; scanStateVariable.LOAD7 ; scanStateVariable.SHOW6 ; scanStateVariable.SHIFT6 ; scanStateVariable.CLOCK6 ; scanStateVariable.LOAD6 ; scanStateVariable.SHOW5 ; scanStateVariable.SHIFT5 ; scanStateVariable.CLOCK5 ; scanStateVariable.LOAD5 ; scanStateVariable.SHOW4 ; scanStateVariable.SHIFT4 ; scanStateVariable.CLOCK4 ; scanStateVariable.LOAD4 ; scanStateVariable.SHOW3 ; scanStateVariable.SHIFT3 ; scanStateVariable.CLOCK3 ; scanStateVariable.LOAD3 ; scanStateVariable.SHOW2 ; scanStateVariable.SHIFT2 ; scanStateVariable.CLOCK2 ; scanStateVariable.LOAD2 ; scanStateVariable.SHOW1 ; scanStateVariable.SHIFT1 ; scanStateVariable.CLOCK1 ; scanStateVariable.LOAD1 ;
+--------------------------+-------------------------+--------------------------+--------------------------+-------------------------+-------------------------+--------------------------+--------------------------+-------------------------+-------------------------+--------------------------+--------------------------+-------------------------+-------------------------+--------------------------+--------------------------+-------------------------+-------------------------+--------------------------+--------------------------+-------------------------+-------------------------+--------------------------+--------------------------+-------------------------+-------------------------+--------------------------+--------------------------+-------------------------+-------------------------+--------------------------+--------------------------+-------------------------+
; scanStateVariable.LOAD1  ; 0                       ; 0                        ; 0                        ; 0                       ; 0                       ; 0                        ; 0                        ; 0                       ; 0                       ; 0                        ; 0                        ; 0                       ; 0                       ; 0                        ; 0                        ; 0                       ; 0                       ; 0                        ; 0                        ; 0                       ; 0                       ; 0                        ; 0                        ; 0                       ; 0                       ; 0                        ; 0                        ; 0                       ; 0                       ; 0                        ; 0                        ; 0                       ;
; scanStateVariable.CLOCK1 ; 0                       ; 0                        ; 0                        ; 0                       ; 0                       ; 0                        ; 0                        ; 0                       ; 0                       ; 0                        ; 0                        ; 0                       ; 0                       ; 0                        ; 0                        ; 0                       ; 0                       ; 0                        ; 0                        ; 0                       ; 0                       ; 0                        ; 0                        ; 0                       ; 0                       ; 0                        ; 0                        ; 0                       ; 0                       ; 0                        ; 1                        ; 1                       ;
; scanStateVariable.SHIFT1 ; 0                       ; 0                        ; 0                        ; 0                       ; 0                       ; 0                        ; 0                        ; 0                       ; 0                       ; 0                        ; 0                        ; 0                       ; 0                       ; 0                        ; 0                        ; 0                       ; 0                       ; 0                        ; 0                        ; 0                       ; 0                       ; 0                        ; 0                        ; 0                       ; 0                       ; 0                        ; 0                        ; 0                       ; 0                       ; 1                        ; 0                        ; 1                       ;
; scanStateVariable.SHOW1  ; 0                       ; 0                        ; 0                        ; 0                       ; 0                       ; 0                        ; 0                        ; 0                       ; 0                       ; 0                        ; 0                        ; 0                       ; 0                       ; 0                        ; 0                        ; 0                       ; 0                       ; 0                        ; 0                        ; 0                       ; 0                       ; 0                        ; 0                        ; 0                       ; 0                       ; 0                        ; 0                        ; 0                       ; 1                       ; 0                        ; 0                        ; 1                       ;
; scanStateVariable.LOAD2  ; 0                       ; 0                        ; 0                        ; 0                       ; 0                       ; 0                        ; 0                        ; 0                       ; 0                       ; 0                        ; 0                        ; 0                       ; 0                       ; 0                        ; 0                        ; 0                       ; 0                       ; 0                        ; 0                        ; 0                       ; 0                       ; 0                        ; 0                        ; 0                       ; 0                       ; 0                        ; 0                        ; 1                       ; 0                       ; 0                        ; 0                        ; 1                       ;
; scanStateVariable.CLOCK2 ; 0                       ; 0                        ; 0                        ; 0                       ; 0                       ; 0                        ; 0                        ; 0                       ; 0                       ; 0                        ; 0                        ; 0                       ; 0                       ; 0                        ; 0                        ; 0                       ; 0                       ; 0                        ; 0                        ; 0                       ; 0                       ; 0                        ; 0                        ; 0                       ; 0                       ; 0                        ; 1                        ; 0                       ; 0                       ; 0                        ; 0                        ; 1                       ;
; scanStateVariable.SHIFT2 ; 0                       ; 0                        ; 0                        ; 0                       ; 0                       ; 0                        ; 0                        ; 0                       ; 0                       ; 0                        ; 0                        ; 0                       ; 0                       ; 0                        ; 0                        ; 0                       ; 0                       ; 0                        ; 0                        ; 0                       ; 0                       ; 0                        ; 0                        ; 0                       ; 0                       ; 1                        ; 0                        ; 0                       ; 0                       ; 0                        ; 0                        ; 1                       ;
; scanStateVariable.SHOW2  ; 0                       ; 0                        ; 0                        ; 0                       ; 0                       ; 0                        ; 0                        ; 0                       ; 0                       ; 0                        ; 0                        ; 0                       ; 0                       ; 0                        ; 0                        ; 0                       ; 0                       ; 0                        ; 0                        ; 0                       ; 0                       ; 0                        ; 0                        ; 0                       ; 1                       ; 0                        ; 0                        ; 0                       ; 0                       ; 0                        ; 0                        ; 1                       ;
; scanStateVariable.LOAD3  ; 0                       ; 0                        ; 0                        ; 0                       ; 0                       ; 0                        ; 0                        ; 0                       ; 0                       ; 0                        ; 0                        ; 0                       ; 0                       ; 0                        ; 0                        ; 0                       ; 0                       ; 0                        ; 0                        ; 0                       ; 0                       ; 0                        ; 0                        ; 1                       ; 0                       ; 0                        ; 0                        ; 0                       ; 0                       ; 0                        ; 0                        ; 1                       ;
; scanStateVariable.CLOCK3 ; 0                       ; 0                        ; 0                        ; 0                       ; 0                       ; 0                        ; 0                        ; 0                       ; 0                       ; 0                        ; 0                        ; 0                       ; 0                       ; 0                        ; 0                        ; 0                       ; 0                       ; 0                        ; 0                        ; 0                       ; 0                       ; 0                        ; 1                        ; 0                       ; 0                       ; 0                        ; 0                        ; 0                       ; 0                       ; 0                        ; 0                        ; 1                       ;
; scanStateVariable.SHIFT3 ; 0                       ; 0                        ; 0                        ; 0                       ; 0                       ; 0                        ; 0                        ; 0                       ; 0                       ; 0                        ; 0                        ; 0                       ; 0                       ; 0                        ; 0                        ; 0                       ; 0                       ; 0                        ; 0                        ; 0                       ; 0                       ; 1                        ; 0                        ; 0                       ; 0                       ; 0                        ; 0                        ; 0                       ; 0                       ; 0                        ; 0                        ; 1                       ;
; scanStateVariable.SHOW3  ; 0                       ; 0                        ; 0                        ; 0                       ; 0                       ; 0                        ; 0                        ; 0                       ; 0                       ; 0                        ; 0                        ; 0                       ; 0                       ; 0                        ; 0                        ; 0                       ; 0                       ; 0                        ; 0                        ; 0                       ; 1                       ; 0                        ; 0                        ; 0                       ; 0                       ; 0                        ; 0                        ; 0                       ; 0                       ; 0                        ; 0                        ; 1                       ;
; scanStateVariable.LOAD4  ; 0                       ; 0                        ; 0                        ; 0                       ; 0                       ; 0                        ; 0                        ; 0                       ; 0                       ; 0                        ; 0                        ; 0                       ; 0                       ; 0                        ; 0                        ; 0                       ; 0                       ; 0                        ; 0                        ; 1                       ; 0                       ; 0                        ; 0                        ; 0                       ; 0                       ; 0                        ; 0                        ; 0                       ; 0                       ; 0                        ; 0                        ; 1                       ;
; scanStateVariable.CLOCK4 ; 0                       ; 0                        ; 0                        ; 0                       ; 0                       ; 0                        ; 0                        ; 0                       ; 0                       ; 0                        ; 0                        ; 0                       ; 0                       ; 0                        ; 0                        ; 0                       ; 0                       ; 0                        ; 1                        ; 0                       ; 0                       ; 0                        ; 0                        ; 0                       ; 0                       ; 0                        ; 0                        ; 0                       ; 0                       ; 0                        ; 0                        ; 1                       ;
; scanStateVariable.SHIFT4 ; 0                       ; 0                        ; 0                        ; 0                       ; 0                       ; 0                        ; 0                        ; 0                       ; 0                       ; 0                        ; 0                        ; 0                       ; 0                       ; 0                        ; 0                        ; 0                       ; 0                       ; 1                        ; 0                        ; 0                       ; 0                       ; 0                        ; 0                        ; 0                       ; 0                       ; 0                        ; 0                        ; 0                       ; 0                       ; 0                        ; 0                        ; 1                       ;
; scanStateVariable.SHOW4  ; 0                       ; 0                        ; 0                        ; 0                       ; 0                       ; 0                        ; 0                        ; 0                       ; 0                       ; 0                        ; 0                        ; 0                       ; 0                       ; 0                        ; 0                        ; 0                       ; 1                       ; 0                        ; 0                        ; 0                       ; 0                       ; 0                        ; 0                        ; 0                       ; 0                       ; 0                        ; 0                        ; 0                       ; 0                       ; 0                        ; 0                        ; 1                       ;
; scanStateVariable.LOAD5  ; 0                       ; 0                        ; 0                        ; 0                       ; 0                       ; 0                        ; 0                        ; 0                       ; 0                       ; 0                        ; 0                        ; 0                       ; 0                       ; 0                        ; 0                        ; 1                       ; 0                       ; 0                        ; 0                        ; 0                       ; 0                       ; 0                        ; 0                        ; 0                       ; 0                       ; 0                        ; 0                        ; 0                       ; 0                       ; 0                        ; 0                        ; 1                       ;
; scanStateVariable.CLOCK5 ; 0                       ; 0                        ; 0                        ; 0                       ; 0                       ; 0                        ; 0                        ; 0                       ; 0                       ; 0                        ; 0                        ; 0                       ; 0                       ; 0                        ; 1                        ; 0                       ; 0                       ; 0                        ; 0                        ; 0                       ; 0                       ; 0                        ; 0                        ; 0                       ; 0                       ; 0                        ; 0                        ; 0                       ; 0                       ; 0                        ; 0                        ; 1                       ;
; scanStateVariable.SHIFT5 ; 0                       ; 0                        ; 0                        ; 0                       ; 0                       ; 0                        ; 0                        ; 0                       ; 0                       ; 0                        ; 0                        ; 0                       ; 0                       ; 1                        ; 0                        ; 0                       ; 0                       ; 0                        ; 0                        ; 0                       ; 0                       ; 0                        ; 0                        ; 0                       ; 0                       ; 0                        ; 0                        ; 0                       ; 0                       ; 0                        ; 0                        ; 1                       ;
; scanStateVariable.SHOW5  ; 0                       ; 0                        ; 0                        ; 0                       ; 0                       ; 0                        ; 0                        ; 0                       ; 0                       ; 0                        ; 0                        ; 0                       ; 1                       ; 0                        ; 0                        ; 0                       ; 0                       ; 0                        ; 0                        ; 0                       ; 0                       ; 0                        ; 0                        ; 0                       ; 0                       ; 0                        ; 0                        ; 0                       ; 0                       ; 0                        ; 0                        ; 1                       ;
; scanStateVariable.LOAD6  ; 0                       ; 0                        ; 0                        ; 0                       ; 0                       ; 0                        ; 0                        ; 0                       ; 0                       ; 0                        ; 0                        ; 1                       ; 0                       ; 0                        ; 0                        ; 0                       ; 0                       ; 0                        ; 0                        ; 0                       ; 0                       ; 0                        ; 0                        ; 0                       ; 0                       ; 0                        ; 0                        ; 0                       ; 0                       ; 0                        ; 0                        ; 1                       ;
; scanStateVariable.CLOCK6 ; 0                       ; 0                        ; 0                        ; 0                       ; 0                       ; 0                        ; 0                        ; 0                       ; 0                       ; 0                        ; 1                        ; 0                       ; 0                       ; 0                        ; 0                        ; 0                       ; 0                       ; 0                        ; 0                        ; 0                       ; 0                       ; 0                        ; 0                        ; 0                       ; 0                       ; 0                        ; 0                        ; 0                       ; 0                       ; 0                        ; 0                        ; 1                       ;
; scanStateVariable.SHIFT6 ; 0                       ; 0                        ; 0                        ; 0                       ; 0                       ; 0                        ; 0                        ; 0                       ; 0                       ; 1                        ; 0                        ; 0                       ; 0                       ; 0                        ; 0                        ; 0                       ; 0                       ; 0                        ; 0                        ; 0                       ; 0                       ; 0                        ; 0                        ; 0                       ; 0                       ; 0                        ; 0                        ; 0                       ; 0                       ; 0                        ; 0                        ; 1                       ;
; scanStateVariable.SHOW6  ; 0                       ; 0                        ; 0                        ; 0                       ; 0                       ; 0                        ; 0                        ; 0                       ; 1                       ; 0                        ; 0                        ; 0                       ; 0                       ; 0                        ; 0                        ; 0                       ; 0                       ; 0                        ; 0                        ; 0                       ; 0                       ; 0                        ; 0                        ; 0                       ; 0                       ; 0                        ; 0                        ; 0                       ; 0                       ; 0                        ; 0                        ; 1                       ;
; scanStateVariable.LOAD7  ; 0                       ; 0                        ; 0                        ; 0                       ; 0                       ; 0                        ; 0                        ; 1                       ; 0                       ; 0                        ; 0                        ; 0                       ; 0                       ; 0                        ; 0                        ; 0                       ; 0                       ; 0                        ; 0                        ; 0                       ; 0                       ; 0                        ; 0                        ; 0                       ; 0                       ; 0                        ; 0                        ; 0                       ; 0                       ; 0                        ; 0                        ; 1                       ;
; scanStateVariable.CLOCK7 ; 0                       ; 0                        ; 0                        ; 0                       ; 0                       ; 0                        ; 1                        ; 0                       ; 0                       ; 0                        ; 0                        ; 0                       ; 0                       ; 0                        ; 0                        ; 0                       ; 0                       ; 0                        ; 0                        ; 0                       ; 0                       ; 0                        ; 0                        ; 0                       ; 0                       ; 0                        ; 0                        ; 0                       ; 0                       ; 0                        ; 0                        ; 1                       ;
; scanStateVariable.SHIFT7 ; 0                       ; 0                        ; 0                        ; 0                       ; 0                       ; 1                        ; 0                        ; 0                       ; 0                       ; 0                        ; 0                        ; 0                       ; 0                       ; 0                        ; 0                        ; 0                       ; 0                       ; 0                        ; 0                        ; 0                       ; 0                       ; 0                        ; 0                        ; 0                       ; 0                       ; 0                        ; 0                        ; 0                       ; 0                       ; 0                        ; 0                        ; 1                       ;
; scanStateVariable.SHOW7  ; 0                       ; 0                        ; 0                        ; 0                       ; 1                       ; 0                        ; 0                        ; 0                       ; 0                       ; 0                        ; 0                        ; 0                       ; 0                       ; 0                        ; 0                        ; 0                       ; 0                       ; 0                        ; 0                        ; 0                       ; 0                       ; 0                        ; 0                        ; 0                       ; 0                       ; 0                        ; 0                        ; 0                       ; 0                       ; 0                        ; 0                        ; 1                       ;
; scanStateVariable.LOAD8  ; 0                       ; 0                        ; 0                        ; 1                       ; 0                       ; 0                        ; 0                        ; 0                       ; 0                       ; 0                        ; 0                        ; 0                       ; 0                       ; 0                        ; 0                        ; 0                       ; 0                       ; 0                        ; 0                        ; 0                       ; 0                       ; 0                        ; 0                        ; 0                       ; 0                       ; 0                        ; 0                        ; 0                       ; 0                       ; 0                        ; 0                        ; 1                       ;
; scanStateVariable.CLOCK8 ; 0                       ; 0                        ; 1                        ; 0                       ; 0                       ; 0                        ; 0                        ; 0                       ; 0                       ; 0                        ; 0                        ; 0                       ; 0                       ; 0                        ; 0                        ; 0                       ; 0                       ; 0                        ; 0                        ; 0                       ; 0                       ; 0                        ; 0                        ; 0                       ; 0                       ; 0                        ; 0                        ; 0                       ; 0                       ; 0                        ; 0                        ; 1                       ;
; scanStateVariable.SHIFT8 ; 0                       ; 1                        ; 0                        ; 0                       ; 0                       ; 0                        ; 0                        ; 0                       ; 0                       ; 0                        ; 0                        ; 0                       ; 0                       ; 0                        ; 0                        ; 0                       ; 0                       ; 0                        ; 0                        ; 0                       ; 0                       ; 0                        ; 0                        ; 0                       ; 0                       ; 0                        ; 0                        ; 0                       ; 0                       ; 0                        ; 0                        ; 1                       ;
; scanStateVariable.SHOW8  ; 1                       ; 0                        ; 0                        ; 0                       ; 0                       ; 0                        ; 0                        ; 0                       ; 0                       ; 0                        ; 0                        ; 0                       ; 0                       ; 0                        ; 0                        ; 0                       ; 0                       ; 0                        ; 0                        ; 0                       ; 0                       ; 0                        ; 0                        ; 0                       ; 0                       ; 0                        ; 0                        ; 0                       ; 0                       ; 0                        ; 0                        ; 1                       ;
+--------------------------+-------------------------+--------------------------+--------------------------+-------------------------+-------------------------+--------------------------+--------------------------+-------------------------+-------------------------+--------------------------+--------------------------+-------------------------+-------------------------+--------------------------+--------------------------+-------------------------+-------------------------+--------------------------+--------------------------+-------------------------+-------------------------+--------------------------+--------------------------+-------------------------+-------------------------+--------------------------+--------------------------+-------------------------+-------------------------+--------------------------+--------------------------+-------------------------+


Encoding Type:  One-Hot
+---------------------------------------------------------------------------------------------------------------------------------------------------------------------------------------------------------------+
; State Machine - |movingText|shiftedColumnState                                                                                                                                                                ;
+-------------------------+-------------------------+-------------------------+-------------------------+-------------------------+-------------------------+-------------------------+-------------------------+
; Name                    ; shiftedColumnState.COL7 ; shiftedColumnState.COL6 ; shiftedColumnState.COL5 ; shiftedColumnState.COL4 ; shiftedColumnState.COL3 ; shiftedColumnState.COL2 ; shiftedColumnState.COL1 ;
+-------------------------+-------------------------+-------------------------+-------------------------+-------------------------+-------------------------+-------------------------+-------------------------+
; shiftedColumnState.COL1 ; 0                       ; 0                       ; 0                       ; 0                       ; 0                       ; 0                       ; 0                       ;
; shiftedColumnState.COL2 ; 0                       ; 0                       ; 0                       ; 0                       ; 0                       ; 1                       ; 1                       ;
; shiftedColumnState.COL3 ; 0                       ; 0                       ; 0                       ; 0                       ; 1                       ; 0                       ; 1                       ;
; shiftedColumnState.COL4 ; 0                       ; 0                       ; 0                       ; 1                       ; 0                       ; 0                       ; 1                       ;
; shiftedColumnState.COL5 ; 0                       ; 0                       ; 1                       ; 0                       ; 0                       ; 0                       ; 1                       ;
; shiftedColumnState.COL6 ; 0                       ; 1                       ; 0                       ; 0                       ; 0                       ; 0                       ; 1                       ;
; shiftedColumnState.COL7 ; 1                       ; 0                       ; 0                       ; 0                       ; 0                       ; 0                       ; 1                       ;
+-------------------------+-------------------------+-------------------------+-------------------------+-------------------------+-------------------------+-------------------------+-------------------------+


+--------------------------------------------------------------------------------+
; Registers Removed During Synthesis                                             ;
+---------------------------------------+----------------------------------------+
; Register name                         ; Reason for Removal                     ;
+---------------------------------------+----------------------------------------+
; ascii_char[7]                         ; Stuck at GND due to stuck port data_in ;
; Total Number of Removed Registers = 1 ;                                        ;
+---------------------------------------+----------------------------------------+


+------------------------------------------------------+
; General Register Statistics                          ;
+----------------------------------------------+-------+
; Statistic                                    ; Value ;
+----------------------------------------------+-------+
; Total registers                              ; 421   ;
; Number of registers using Synchronous Clear  ; 66    ;
; Number of registers using Synchronous Load   ; 3     ;
; Number of registers using Asynchronous Clear ; 0     ;
; Number of registers using Asynchronous Load  ; 0     ;
; Number of registers using Clock Enable       ; 344   ;
; Number of registers using Preset             ; 0     ;
+----------------------------------------------+-------+


+--------------------------------------------------+
; Inverted Register Statistics                     ;
+----------------------------------------+---------+
; Inverted Register                      ; Fan out ;
+----------------------------------------+---------+
; output_enable                          ; 2       ;
; \SCREEN_AREA_SHIFT_PROC:stringIndex[0] ; 23      ;
; ascii_char[0]                          ; 184     ;
; ascii_char[4]                          ; 149     ;
; ascii_char[2]                          ; 184     ;
; ascii_char[1]                          ; 171     ;
; ascii_char[6]                          ; 16      ;
; Total number of inverted registers = 7 ;         ;
+----------------------------------------+---------+


+-----------------------------------------------------------------------------------------------------------------------------------------------------------------+
; Multiplexer Restructuring Statistics (Restructuring Performed)                                                                                                  ;
+--------------------+-----------+---------------+----------------------+------------------------+------------+---------------------------------------------------+
; Multiplexer Inputs ; Bus Width ; Baseline Area ; Area if Restructured ; Saving if Restructured ; Registered ; Example Multiplexer Output                        ;
+--------------------+-----------+---------------+----------------------+------------------------+------------+---------------------------------------------------+
; 3:1                ; 10 bits   ; 20 LEs        ; 10 LEs               ; 10 LEs                 ; Yes        ; |movingText|\LINE_SACN_PROC:scanCount[4]          ;
; 3:1                ; 6 bits    ; 12 LEs        ; 6 LEs                ; 6 LEs                  ; Yes        ; |movingText|\LINE_SACN_PROC:registerSerialData[5] ;
; 11:1               ; 31 bits   ; 217 LEs       ; 186 LEs              ; 31 LEs                 ; Yes        ; |movingText|screenAreaLatch[5]                    ;
; 477:1              ; 2 bits    ; 636 LEs       ; 438 LEs              ; 198 LEs                ; Yes        ; |movingText|screenArea[5][0]                      ;
; 477:1              ; 3 bits    ; 954 LEs       ; 708 LEs              ; 246 LEs                ; Yes        ; |movingText|screenArea[6][0]                      ;
; 477:1              ; 2 bits    ; 636 LEs       ; 458 LEs              ; 178 LEs                ; Yes        ; |movingText|screenArea[3][0]                      ;
+--------------------+-----------+---------------+----------------------+------------------------+------------+---------------------------------------------------+


+----------------------------------------------------------------------------+
; Parameter Settings for User Entity Instance: Top-level Entity: |movingText ;
+----------------+----------+------------------------------------------------+
; Parameter Name ; Value    ; Type                                           ;
+----------------+----------+------------------------------------------------+
; FREQ           ; 50000000 ; Signed Integer                                 ;
; DISPLAY_LENGTH ; 32       ; Signed Integer                                 ;
+----------------+----------+------------------------------------------------+
Note: In order to hide this table in the UI and the text report file, please set the "Show Parameter Settings in Synthesis Report" option in "Analysis and Synthesis Settings -> More Settings" to "Off".


+-----------------------------------------------------+
; Post-Synthesis Netlist Statistics for Top Partition ;
+-----------------------+-----------------------------+
; Type                  ; Count                       ;
+-----------------------+-----------------------------+
; boundary_port         ; 31                          ;
; cycloneiii_ff         ; 421                         ;
;     ENA               ; 304                         ;
;     ENA SCLR          ; 37                          ;
;     ENA SLD           ; 3                           ;
;     SCLR              ; 29                          ;
;     plain             ; 48                          ;
; cycloneiii_lcell_comb ; 815                         ;
;     arith             ; 66                          ;
;         2 data inputs ; 66                          ;
;     normal            ; 749                         ;
;         0 data inputs ; 1                           ;
;         1 data inputs ; 9                           ;
;         2 data inputs ; 49                          ;
;         3 data inputs ; 93                          ;
;         4 data inputs ; 597                         ;
;                       ;                             ;
; Max LUT depth         ; 8.00                        ;
; Average LUT depth     ; 3.86                        ;
+-----------------------+-----------------------------+


+-------------------------------+
; Elapsed Time Per Partition    ;
+----------------+--------------+
; Partition Name ; Elapsed Time ;
+----------------+--------------+
; Top            ; 00:00:09     ;
+----------------+--------------+


+-------------------------------+
; Analysis & Synthesis Messages ;
+-------------------------------+
Info: *******************************************************************
Info: Running Quartus Prime Analysis & Synthesis
    Info: Version 23.1std.0 Build 991 11/28/2023 SC Lite Edition
    Info: Processing started: Sun Mar  3 00:58:23 2024
Info: Command: quartus_map --read_settings_files=on --write_settings_files=off moving_message_display -c moving_message_display
Warning (18236): Number of processors has not been specified which may cause overloading on shared machines.  Set the global assignment NUM_PARALLEL_PROCESSORS in your QSF to an appropriate value for best performance.
Info (20030): Parallel compilation is enabled and will use 4 of the 4 processors detected
Info (12021): Found 2 design units, including 1 entities, in source file src/movingtext.vhd
    Info (12022): Found design unit 1: movingText-rtl File: C:/Users/desig/OneDrive - Coventry University/FPGA Design 7067CEM/FPGA_Projects/Quartus_Projects/moving_text/src/movingText.vhd Line: 21
    Info (12023): Found entity 1: movingText File: C:/Users/desig/OneDrive - Coventry University/FPGA Design 7067CEM/FPGA_Projects/Quartus_Projects/moving_text/src/movingText.vhd Line: 5
Info (12127): Elaborating entity "movingText" for the top level hierarchy
Warning (13024): Output pins are stuck at VCC or GND
    Warning (13410): Pin "LEDR[9]" is stuck at GND File: C:/Users/desig/OneDrive - Coventry University/FPGA Design 7067CEM/FPGA_Projects/Quartus_Projects/moving_text/src/movingText.vhd Line: 13
    Warning (13410): Pin "LEDR[8]" is stuck at GND File: C:/Users/desig/OneDrive - Coventry University/FPGA Design 7067CEM/FPGA_Projects/Quartus_Projects/moving_text/src/movingText.vhd Line: 13
    Warning (13410): Pin "LEDR[7]" is stuck at GND File: C:/Users/desig/OneDrive - Coventry University/FPGA Design 7067CEM/FPGA_Projects/Quartus_Projects/moving_text/src/movingText.vhd Line: 13
    Warning (13410): Pin "LEDR[6]" is stuck at GND File: C:/Users/desig/OneDrive - Coventry University/FPGA Design 7067CEM/FPGA_Projects/Quartus_Projects/moving_text/src/movingText.vhd Line: 13
    Warning (13410): Pin "LEDR[5]" is stuck at GND File: C:/Users/desig/OneDrive - Coventry University/FPGA Design 7067CEM/FPGA_Projects/Quartus_Projects/moving_text/src/movingText.vhd Line: 13
    Warning (13410): Pin "LEDR[4]" is stuck at GND File: C:/Users/desig/OneDrive - Coventry University/FPGA Design 7067CEM/FPGA_Projects/Quartus_Projects/moving_text/src/movingText.vhd Line: 13
    Warning (13410): Pin "LEDR[3]" is stuck at GND File: C:/Users/desig/OneDrive - Coventry University/FPGA Design 7067CEM/FPGA_Projects/Quartus_Projects/moving_text/src/movingText.vhd Line: 13
    Warning (13410): Pin "LEDR[2]" is stuck at GND File: C:/Users/desig/OneDrive - Coventry University/FPGA Design 7067CEM/FPGA_Projects/Quartus_Projects/moving_text/src/movingText.vhd Line: 13
    Warning (13410): Pin "LEDR[1]" is stuck at GND File: C:/Users/desig/OneDrive - Coventry University/FPGA Design 7067CEM/FPGA_Projects/Quartus_Projects/moving_text/src/movingText.vhd Line: 13
    Warning (13410): Pin "GPIO[19]" is stuck at GND File: C:/Users/desig/OneDrive - Coventry University/FPGA Design 7067CEM/FPGA_Projects/Quartus_Projects/moving_text/src/movingText.vhd Line: 15
    Warning (13410): Pin "GPIO[18]" is stuck at GND File: C:/Users/desig/OneDrive - Coventry University/FPGA Design 7067CEM/FPGA_Projects/Quartus_Projects/moving_text/src/movingText.vhd Line: 15
    Warning (13410): Pin "GPIO[17]" is stuck at GND File: C:/Users/desig/OneDrive - Coventry University/FPGA Design 7067CEM/FPGA_Projects/Quartus_Projects/moving_text/src/movingText.vhd Line: 15
    Warning (13410): Pin "GPIO[15]" is stuck at GND File: C:/Users/desig/OneDrive - Coventry University/FPGA Design 7067CEM/FPGA_Projects/Quartus_Projects/moving_text/src/movingText.vhd Line: 15
    Warning (13410): Pin "GPIO[13]" is stuck at GND File: C:/Users/desig/OneDrive - Coventry University/FPGA Design 7067CEM/FPGA_Projects/Quartus_Projects/moving_text/src/movingText.vhd Line: 15
    Warning (13410): Pin "GPIO[11]" is stuck at GND File: C:/Users/desig/OneDrive - Coventry University/FPGA Design 7067CEM/FPGA_Projects/Quartus_Projects/moving_text/src/movingText.vhd Line: 15
    Warning (13410): Pin "GPIO[10]" is stuck at GND File: C:/Users/desig/OneDrive - Coventry University/FPGA Design 7067CEM/FPGA_Projects/Quartus_Projects/moving_text/src/movingText.vhd Line: 15
Info (286030): Timing-Driven Synthesis is running
Info (16010): Generating hard_block partition "hard_block:auto_generated_inst"
    Info (16011): Adding 0 node(s), including 0 DDIO, 0 PLL, 0 transceiver and 0 LCELL
Info (21057): Implemented 1106 device resources after synthesis - the final resource count might be different
    Info (21058): Implemented 1 input pins
    Info (21059): Implemented 30 output pins
    Info (21061): Implemented 1075 logic cells
Info: Quartus Prime Analysis & Synthesis was successful. 0 errors, 18 warnings
    Info: Peak virtual memory: 4802 megabytes
    Info: Processing ended: Sun Mar  3 00:58:50 2024
    Info: Elapsed time: 00:00:27
    Info: Total CPU time (on all processors): 00:00:30


