------------------------------------------------------------
Timing Analyzer Summary
------------------------------------------------------------

Type  : Slow 1200mV 85C Model Setup 'CPU_RESETN'
Slack : -9.021
TNS   : -25.195

Type  : Slow 1200mV 85C Model Setup 'movingText:UUT1|shiftRegisterClk'
Slack : -7.305
TNS   : -323.812

Type  : Slow 1200mV 85C Model Setup 'CLK50MHZ'
Slack : -6.573
TNS   : -1651.392

Type  : Slow 1200mV 85C Model Setup 'dotmatrix_show:UUT2|shiftRegisterClk'
Slack : -5.572
TNS   : -275.398

Type  : Slow 1200mV 85C Model Setup 'dotmatrix_show:UUT2|CHAR_CLK'
Slack : -3.228
TNS   : -23.206

Type  : Slow 1200mV 85C Model Setup 'BUTN'
Slack : 0.298
TNS   : 0.000

Type  : Slow 1200mV 85C Model Hold 'CLK50MHZ'
Slack : 0.323
TNS   : 0.000

Type  : Slow 1200mV 85C Model Hold 'movingText:UUT1|shiftRegisterClk'
Slack : 0.325
TNS   : 0.000

Type  : Slow 1200mV 85C Model Hold 'dotmatrix_show:UUT2|CHAR_CLK'
Slack : 0.343
TNS   : 0.000

Type  : Slow 1200mV 85C Model Hold 'dotmatrix_show:UUT2|shiftRegisterClk'
Slack : 0.343
TNS   : 0.000

Type  : Slow 1200mV 85C Model Hold 'BUTN'
Slack : 0.393
TNS   : 0.000

Type  : Slow 1200mV 85C Model Hold 'CPU_RESETN'
Slack : 1.880
TNS   : 0.000

Type  : Slow 1200mV 85C Model Recovery 'movingText:UUT1|shiftRegisterClk'
Slack : -5.681
TNS   : -165.670

Type  : Slow 1200mV 85C Model Recovery 'CLK50MHZ'
Slack : -3.575
TNS   : -1259.735

Type  : Slow 1200mV 85C Model Recovery 'dotmatrix_show:UUT2|CHAR_CLK'
Slack : -3.074
TNS   : -24.571

Type  : Slow 1200mV 85C Model Recovery 'dotmatrix_show:UUT2|shiftRegisterClk'
Slack : -3.032
TNS   : -78.068

Type  : Slow 1200mV 85C Model Removal 'CLK50MHZ'
Slack : 1.472
TNS   : 0.000

Type  : Slow 1200mV 85C Model Removal 'dotmatrix_show:UUT2|shiftRegisterClk'
Slack : 2.319
TNS   : 0.000

Type  : Slow 1200mV 85C Model Removal 'dotmatrix_show:UUT2|CHAR_CLK'
Slack : 2.371
TNS   : 0.000

Type  : Slow 1200mV 85C Model Removal 'movingText:UUT1|shiftRegisterClk'
Slack : 3.659
TNS   : 0.000

Type  : Slow 1200mV 85C Model Minimum Pulse Width 'CLK50MHZ'
Slack : -3.000
TNS   : -541.752

Type  : Slow 1200mV 85C Model Minimum Pulse Width 'BUTN'
Slack : -3.000
TNS   : -4.403

Type  : Slow 1200mV 85C Model Minimum Pulse Width 'CPU_RESETN'
Slack : -3.000
TNS   : -3.000

Type  : Slow 1200mV 85C Model Minimum Pulse Width 'movingText:UUT1|shiftRegisterClk'
Slack : -1.403
TNS   : -131.882

Type  : Slow 1200mV 85C Model Minimum Pulse Width 'dotmatrix_show:UUT2|shiftRegisterClk'
Slack : -1.403
TNS   : -123.464

Type  : Slow 1200mV 85C Model Minimum Pulse Width 'dotmatrix_show:UUT2|CHAR_CLK'
Slack : -1.403
TNS   : -11.224

Type  : Slow 1200mV 0C Model Setup 'CPU_RESETN'
Slack : -8.356
TNS   : -23.276

Type  : Slow 1200mV 0C Model Setup 'movingText:UUT1|shiftRegisterClk'
Slack : -6.737
TNS   : -298.618

Type  : Slow 1200mV 0C Model Setup 'CLK50MHZ'
Slack : -5.996
TNS   : -1494.013

Type  : Slow 1200mV 0C Model Setup 'dotmatrix_show:UUT2|shiftRegisterClk'
Slack : -4.985
TNS   : -250.942

Type  : Slow 1200mV 0C Model Setup 'dotmatrix_show:UUT2|CHAR_CLK'
Slack : -2.943
TNS   : -20.752

Type  : Slow 1200mV 0C Model Setup 'BUTN'
Slack : 0.361
TNS   : 0.000

Type  : Slow 1200mV 0C Model Hold 'CLK50MHZ'
Slack : 0.290
TNS   : 0.000

Type  : Slow 1200mV 0C Model Hold 'movingText:UUT1|shiftRegisterClk'
Slack : 0.292
TNS   : 0.000

Type  : Slow 1200mV 0C Model Hold 'dotmatrix_show:UUT2|CHAR_CLK'
Slack : 0.308
TNS   : 0.000

Type  : Slow 1200mV 0C Model Hold 'dotmatrix_show:UUT2|shiftRegisterClk'
Slack : 0.308
TNS   : 0.000

Type  : Slow 1200mV 0C Model Hold 'BUTN'
Slack : 0.354
TNS   : 0.000

Type  : Slow 1200mV 0C Model Hold 'CPU_RESETN'
Slack : 1.539
TNS   : 0.000

Type  : Slow 1200mV 0C Model Recovery 'movingText:UUT1|shiftRegisterClk'
Slack : -5.182
TNS   : -151.022

Type  : Slow 1200mV 0C Model Recovery 'CLK50MHZ'
Slack : -3.221
TNS   : -1137.219

Type  : Slow 1200mV 0C Model Recovery 'dotmatrix_show:UUT2|CHAR_CLK'
Slack : -2.852
TNS   : -22.798

Type  : Slow 1200mV 0C Model Recovery 'dotmatrix_show:UUT2|shiftRegisterClk'
Slack : -2.799
TNS   : -72.094

Type  : Slow 1200mV 0C Model Removal 'CLK50MHZ'
Slack : 1.379
TNS   : 0.000

Type  : Slow 1200mV 0C Model Removal 'dotmatrix_show:UUT2|shiftRegisterClk'
Slack : 2.190
TNS   : 0.000

Type  : Slow 1200mV 0C Model Removal 'dotmatrix_show:UUT2|CHAR_CLK'
Slack : 2.236
TNS   : 0.000

Type  : Slow 1200mV 0C Model Removal 'movingText:UUT1|shiftRegisterClk'
Slack : 3.414
TNS   : 0.000

Type  : Slow 1200mV 0C Model Minimum Pulse Width 'CLK50MHZ'
Slack : -3.000
TNS   : -541.752

Type  : Slow 1200mV 0C Model Minimum Pulse Width 'BUTN'
Slack : -3.000
TNS   : -4.403

Type  : Slow 1200mV 0C Model Minimum Pulse Width 'CPU_RESETN'
Slack : -3.000
TNS   : -3.000

Type  : Slow 1200mV 0C Model Minimum Pulse Width 'movingText:UUT1|shiftRegisterClk'
Slack : -1.403
TNS   : -131.882

Type  : Slow 1200mV 0C Model Minimum Pulse Width 'dotmatrix_show:UUT2|shiftRegisterClk'
Slack : -1.403
TNS   : -123.464

Type  : Slow 1200mV 0C Model Minimum Pulse Width 'dotmatrix_show:UUT2|CHAR_CLK'
Slack : -1.403
TNS   : -11.224

Type  : Fast 1200mV 0C Model Setup 'CPU_RESETN'
Slack : -3.781
TNS   : -10.464

Type  : Fast 1200mV 0C Model Setup 'movingText:UUT1|shiftRegisterClk'
Slack : -2.591
TNS   : -126.757

Type  : Fast 1200mV 0C Model Setup 'CLK50MHZ'
Slack : -2.270
TNS   : -472.170

Type  : Fast 1200mV 0C Model Setup 'dotmatrix_show:UUT2|shiftRegisterClk'
Slack : -1.784
TNS   : -94.951

Type  : Fast 1200mV 0C Model Setup 'dotmatrix_show:UUT2|CHAR_CLK'
Slack : -0.797
TNS   : -5.143

Type  : Fast 1200mV 0C Model Setup 'BUTN'
Slack : 0.693
TNS   : 0.000

Type  : Fast 1200mV 0C Model Hold 'CLK50MHZ'
Slack : 0.142
TNS   : 0.000

Type  : Fast 1200mV 0C Model Hold 'movingText:UUT1|shiftRegisterClk'
Slack : 0.142
TNS   : 0.000

Type  : Fast 1200mV 0C Model Hold 'dotmatrix_show:UUT2|CHAR_CLK'
Slack : 0.149
TNS   : 0.000

Type  : Fast 1200mV 0C Model Hold 'dotmatrix_show:UUT2|shiftRegisterClk'
Slack : 0.150
TNS   : 0.000

Type  : Fast 1200mV 0C Model Hold 'BUTN'
Slack : 0.169
TNS   : 0.000

Type  : Fast 1200mV 0C Model Hold 'CPU_RESETN'
Slack : 0.879
TNS   : 0.000

Type  : Fast 1200mV 0C Model Recovery 'movingText:UUT1|shiftRegisterClk'
Slack : -2.748
TNS   : -80.354

Type  : Fast 1200mV 0C Model Recovery 'CLK50MHZ'
Slack : -1.889
TNS   : -667.809

Type  : Fast 1200mV 0C Model Recovery 'dotmatrix_show:UUT2|CHAR_CLK'
Slack : -1.409
TNS   : -11.255

Type  : Fast 1200mV 0C Model Recovery 'dotmatrix_show:UUT2|shiftRegisterClk'
Slack : -1.394
TNS   : -35.755

Type  : Fast 1200mV 0C Model Removal 'CLK50MHZ'
Slack : 0.613
TNS   : 0.000

Type  : Fast 1200mV 0C Model Removal 'dotmatrix_show:UUT2|shiftRegisterClk'
Slack : 0.843
TNS   : 0.000

Type  : Fast 1200mV 0C Model Removal 'dotmatrix_show:UUT2|CHAR_CLK'
Slack : 0.879
TNS   : 0.000

Type  : Fast 1200mV 0C Model Removal 'movingText:UUT1|shiftRegisterClk'
Slack : 1.574
TNS   : 0.000

Type  : Fast 1200mV 0C Model Minimum Pulse Width 'CLK50MHZ'
Slack : -3.000
TNS   : -470.952

Type  : Fast 1200mV 0C Model Minimum Pulse Width 'BUTN'
Slack : -3.000
TNS   : -4.381

Type  : Fast 1200mV 0C Model Minimum Pulse Width 'CPU_RESETN'
Slack : -3.000
TNS   : -3.177

Type  : Fast 1200mV 0C Model Minimum Pulse Width 'movingText:UUT1|shiftRegisterClk'
Slack : -1.000
TNS   : -94.000

Type  : Fast 1200mV 0C Model Minimum Pulse Width 'dotmatrix_show:UUT2|shiftRegisterClk'
Slack : -1.000
TNS   : -88.000

Type  : Fast 1200mV 0C Model Minimum Pulse Width 'dotmatrix_show:UUT2|CHAR_CLK'
Slack : -1.000
TNS   : -8.000

------------------------------------------------------------
